<?xml version="1.0" encoding="UTF-8"?>
<testsuites name="jest tests" tests="11" failures="0" errors="0" time="8.577">
  <testsuite name="PaginadorProductos Test" errors="0" failures="0" skipped="0" timestamp="2021-10-06T12:26:44" time="2.855" tests="3">
    <testcase classname="PaginadorProductos Test should match snapshot" name="PaginadorProductos Test should match snapshot" time="0.017">
    </testcase>
    <testcase classname="PaginadorProductos Test Renderizar con menos de 10 productos no debe pintar botones" name="PaginadorProductos Test Renderizar con menos de 10 productos no debe pintar botones" time="0.002">
    </testcase>
    <testcase classname="PaginadorProductos Test Renderizar con  20 productos debe pintar 2 botones" name="PaginadorProductos Test Renderizar con  20 productos debe pintar 2 botones" time="0.007">
    </testcase>
  </testsuite>
  <testsuite name="Reductor productos" errors="0" failures="0" skipped="0" timestamp="2021-10-06T12:26:44" time="2.922" tests="1">
    <testcase classname="Reductor productos debería agregar productos" name="Reductor productos debería agregar productos" time="0.006">
    </testcase>
  </testsuite>
  <testsuite name="&lt;Hero /&gt; Component HomePage" errors="0" failures="0" skipped="0" timestamp="2021-10-06T12:26:44" time="3.618" tests="1">
    <testcase classname="&lt;Hero /&gt; Component HomePage Renders &lt;Hero /&gt; component correctly" name="&lt;Hero /&gt; Component HomePage Renders &lt;Hero /&gt; component correctly" time="0.028">
    </testcase>
  </testsuite>
  <testsuite name="&lt;ProductsList /&gt; Component show list products" errors="0" failures="0" skipped="0" timestamp="2021-10-06T12:26:44" time="3.725" tests="1">
    <testcase classname="&lt;ProductsList /&gt; Component show list products Renders &lt;ProductsList /&gt; component correctly" name="&lt;ProductsList /&gt; Component show list products Renders &lt;ProductsList /&gt; component correctly" time="0.032">
    </testcase>
  </testsuite>
  <testsuite name="FormCrearProducto test" errors="0" failures="0" skipped="0" timestamp="2021-10-06T12:26:44" time="4.339" tests="5">
    <testcase classname="FormCrearProducto test should match snapshot" name="FormCrearProducto test should match snapshot" time="0.04">
    </testcase>
    <testcase classname="FormCrearProducto test should fail on submit all fields missing" name="FormCrearProducto test should fail on submit all fields missing" time="0.054">
    </testcase>
    <testcase classname="FormCrearProducto test should fail on submit two fields missing" name="FormCrearProducto test should fail on submit two fields missing" time="0.043">
    </testcase>
    <testcase classname="FormCrearProducto test should fail on submit two fields missing" name="FormCrearProducto test should fail on submit two fields missing" time="0.063">
    </testcase>
    <testcase classname="FormCrearProducto test should submit" name="FormCrearProducto test should submit" time="0.077">
    </testcase>
  </testsuite>
</testsuites>